INFO - \u2705 Extractores refactorizados cargados correctamente
INFO - \U0001f9ec Sistema avanzado detectó 1 biomarcadores narrativos
DEBUG - \U0001f9ec Avanzado: SOX10 -> IHQ_SOX10 = POSITIVO
DEBUG - \U0001f52c Refactorizado: S100 -> IHQ_S100 = POSITIVAS PARA CKAE1E3,
CK7 Y CAM 5.2 Y CÉLULAS MIOEPITELIALES QUE SE DISTRIBUYEN EN UN ESTROMA CONDROMIXOIDE, POSITIVAS PARA
GFAP, S100
INFO - \u2705 Correcciones ortográficas aplicadas: 4
INFO - \U0001f527 Total correcciones aplicadas: 4
INFO - \u2705 Extraídos 63 campos con extractores refactorizados
Traceback (most recent call last):
  File "C:\Users\USUARIO\Desktop\DEBERES HUV\ProyectoHUV9GESTOR_ONCOLOGIA\test_full_extraction.py", line 48, in <module>
    print(f"IHQ_ESTUDIOS_SOLICITADOS: {resultado_completo.get('IHQ_ESTUDIOS_SOLICITADOS', 'N/A')}")
    ~~~~~^^^^^^^^^^^^^^^^^^^^^^^^^^^^^^^^^^^^^^^^^^^^^^^^^^^^^^^^^^^^^^^^^^^^^^^^^^^^^^^^^^^^^^^^^^
ValueError: I/O operation on closed file.
